Archive member included to satisfy reference by file (symbol)

d:/donottouch_install/stm32cubeide_1.11.0/stm32cubeide/plugins/com.st.stm32cube.ide.mcu.externaltools.gnu-tools-for-stm32.10.3-2021.10.win32_1.0.100.202210260954/tools/bin/../lib/gcc/arm-none-eabi/10.3.1/../../../../arm-none-eabi/lib/thumb/v7e-m+fp/hard\libc_nano.a(lib_a-errno.o)
                              ./Core/Src/syscalls.o (__errno)
d:/donottouch_install/stm32cubeide_1.11.0/stm32cubeide/plugins/com.st.stm32cube.ide.mcu.externaltools.gnu-tools-for-stm32.10.3-2021.10.win32_1.0.100.202210260954/tools/bin/../lib/gcc/arm-none-eabi/10.3.1/../../../../arm-none-eabi/lib/thumb/v7e-m+fp/hard\libc_nano.a(lib_a-exit.o)
                              d:/donottouch_install/stm32cubeide_1.11.0/stm32cubeide/plugins/com.st.stm32cube.ide.mcu.externaltools.gnu-tools-for-stm32.10.3-2021.10.win32_1.0.100.202210260954/tools/bin/../lib/gcc/arm-none-eabi/10.3.1/../../../../arm-none-eabi/lib/thumb/v7e-m+fp/hard/crt0.o (exit)
d:/donottouch_install/stm32cubeide_1.11.0/stm32cubeide/plugins/com.st.stm32cube.ide.mcu.externaltools.gnu-tools-for-stm32.10.3-2021.10.win32_1.0.100.202210260954/tools/bin/../lib/gcc/arm-none-eabi/10.3.1/../../../../arm-none-eabi/lib/thumb/v7e-m+fp/hard\libc_nano.a(lib_a-impure.o)
                              d:/donottouch_install/stm32cubeide_1.11.0/stm32cubeide/plugins/com.st.stm32cube.ide.mcu.externaltools.gnu-tools-for-stm32.10.3-2021.10.win32_1.0.100.202210260954/tools/bin/../lib/gcc/arm-none-eabi/10.3.1/../../../../arm-none-eabi/lib/thumb/v7e-m+fp/hard\libc_nano.a(lib_a-exit.o) (_global_impure_ptr)
d:/donottouch_install/stm32cubeide_1.11.0/stm32cubeide/plugins/com.st.stm32cube.ide.mcu.externaltools.gnu-tools-for-stm32.10.3-2021.10.win32_1.0.100.202210260954/tools/bin/../lib/gcc/arm-none-eabi/10.3.1/../../../../arm-none-eabi/lib/thumb/v7e-m+fp/hard\libc_nano.a(lib_a-init.o)
                              d:/donottouch_install/stm32cubeide_1.11.0/stm32cubeide/plugins/com.st.stm32cube.ide.mcu.externaltools.gnu-tools-for-stm32.10.3-2021.10.win32_1.0.100.202210260954/tools/bin/../lib/gcc/arm-none-eabi/10.3.1/../../../../arm-none-eabi/lib/thumb/v7e-m+fp/hard/crt0.o (__libc_init_array)
d:/donottouch_install/stm32cubeide_1.11.0/stm32cubeide/plugins/com.st.stm32cube.ide.mcu.externaltools.gnu-tools-for-stm32.10.3-2021.10.win32_1.0.100.202210260954/tools/bin/../lib/gcc/arm-none-eabi/10.3.1/../../../../arm-none-eabi/lib/thumb/v7e-m+fp/hard\libc_nano.a(lib_a-memset.o)
                              d:/donottouch_install/stm32cubeide_1.11.0/stm32cubeide/plugins/com.st.stm32cube.ide.mcu.externaltools.gnu-tools-for-stm32.10.3-2021.10.win32_1.0.100.202210260954/tools/bin/../lib/gcc/arm-none-eabi/10.3.1/../../../../arm-none-eabi/lib/thumb/v7e-m+fp/hard/crt0.o (memset)
d:/donottouch_install/stm32cubeide_1.11.0/stm32cubeide/plugins/com.st.stm32cube.ide.mcu.externaltools.gnu-tools-for-stm32.10.3-2021.10.win32_1.0.100.202210260954/tools/bin/../lib/gcc/arm-none-eabi/10.3.1/thumb/v7e-m+fp/hard\libgcc.a(_aeabi_uldivmod.o)
                              ./Drivers/STM32F4xx_HAL_Driver/Src/stm32f4xx_hal_rcc.o (__aeabi_uldivmod)
d:/donottouch_install/stm32cubeide_1.11.0/stm32cubeide/plugins/com.st.stm32cube.ide.mcu.externaltools.gnu-tools-for-stm32.10.3-2021.10.win32_1.0.100.202210260954/tools/bin/../lib/gcc/arm-none-eabi/10.3.1/thumb/v7e-m+fp/hard\libgcc.a(_udivmoddi4.o)
                              d:/donottouch_install/stm32cubeide_1.11.0/stm32cubeide/plugins/com.st.stm32cube.ide.mcu.externaltools.gnu-tools-for-stm32.10.3-2021.10.win32_1.0.100.202210260954/tools/bin/../lib/gcc/arm-none-eabi/10.3.1/thumb/v7e-m+fp/hard\libgcc.a(_aeabi_uldivmod.o) (__udivmoddi4)
d:/donottouch_install/stm32cubeide_1.11.0/stm32cubeide/plugins/com.st.stm32cube.ide.mcu.externaltools.gnu-tools-for-stm32.10.3-2021.10.win32_1.0.100.202210260954/tools/bin/../lib/gcc/arm-none-eabi/10.3.1/thumb/v7e-m+fp/hard\libgcc.a(_dvmd_tls.o)
                              d:/donottouch_install/stm32cubeide_1.11.0/stm32cubeide/plugins/com.st.stm32cube.ide.mcu.externaltools.gnu-tools-for-stm32.10.3-2021.10.win32_1.0.100.202210260954/tools/bin/../lib/gcc/arm-none-eabi/10.3.1/thumb/v7e-m+fp/hard\libgcc.a(_aeabi_uldivmod.o) (__aeabi_ldiv0)

Discarded input sections

 .text          0x0000000000000000        0x0 d:/donottouch_install/stm32cubeide_1.11.0/stm32cubeide/plugins/com.st.stm32cube.ide.mcu.externaltools.gnu-tools-for-stm32.10.3-2021.10.win32_1.0.100.202210260954/tools/bin/../lib/gcc/arm-none-eabi/10.3.1/thumb/v7e-m+fp/hard/crti.o
 .data          0x0000000000000000        0x0 d:/donottouch_install/stm32cubeide_1.11.0/stm32cubeide/plugins/com.st.stm32cube.ide.mcu.externaltools.gnu-tools-for-stm32.10.3-2021.10.win32_1.0.100.202210260954/tools/bin/../lib/gcc/arm-none-eabi/10.3.1/thumb/v7e-m+fp/hard/crti.o
[...]
Memory Configuration

Name             Origin             Length             Attributes
CCMRAM           0x0000000010000000 0x0000000000010000 xrw
RAM              0x0000000020000000 0x0000000000030000 xrw
FLASH            0x0000000008060000 0x0000000000080000 xr
*default*        0x0000000000000000 0xffffffffffffffff

Linker script and memory map

LOAD d:/donottouch_install/stm32cubeide_1.11.0/stm32cubeide/plugins/com.st.stm32cube.ide.mcu.externaltools.gnu-tools-for-stm32.10.3-2021.10.win32_1.0.100.202210260954/tools/bin/../lib/gcc/arm-none-eabi/10.3.1/thumb/v7e-m+fp/hard/crti.o
LOAD d:/donottouch_install/stm32cubeide_1.11.0/stm32cubeide/plugins/com.st.stm32cube.ide.mcu.externaltools.gnu-tools-for-stm32.10.3-2021.10.win32_1.0.100.202210260954/tools/bin/../lib/gcc/arm-none-eabi/10.3.1/thumb/v7e-m+fp/hard/crtbegin.o
LOAD d:/donottouch_install/stm32cubeide_1.11.0/stm32cubeide/plugins/com.st.stm32cube.ide.mcu.externaltools.gnu-tools-for-stm32.10.3-2021.10.win32_1.0.100.202210260954/tools/bin/../lib/gcc/arm-none-eabi/10.3.1/../../../../arm-none-eabi/lib/thumb/v7e-m+fp/hard/crt0.o
LOAD ./Core/Src/main.o
LOAD ./Core/Src/stm32f4xx_hal_msp.o
LOAD ./Core/Src/stm32f4xx_it.o
LOAD ./Core/Src/syscalls.o
LOAD ./Core/Src/sysmem.o
LOAD ./Core/Src/system_stm32f4xx.o
LOAD ./Core/Startup/startup_stm32f439zitx.o
LOAD ./Drivers/STM32F4xx_HAL_Driver/Src/stm32f4xx_hal.o
LOAD ./Drivers/STM32F4xx_HAL_Driver/Src/stm32f4xx_hal_cortex.o
LOAD ./Drivers/STM32F4xx_HAL_Driver/Src/stm32f4xx_hal_dma.o
LOAD ./Drivers/STM32F4xx_HAL_Driver/Src/stm32f4xx_hal_dma_ex.o
LOAD ./Drivers/STM32F4xx_HAL_Driver/Src/stm32f4xx_hal_exti.o
LOAD ./Drivers/STM32F4xx_HAL_Driver/Src/stm32f4xx_hal_flash.o
LOAD ./Drivers/STM32F4xx_HAL_Driver/Src/stm32f4xx_hal_flash_ex.o
LOAD ./Drivers/STM32F4xx_HAL_Driver/Src/stm32f4xx_hal_flash_ramfunc.o
LOAD ./Drivers/STM32F4xx_HAL_Driver/Src/stm32f4xx_hal_gpio.o
LOAD ./Drivers/STM32F4xx_HAL_Driver/Src/stm32f4xx_hal_pwr.o
LOAD ./Drivers/STM32F4xx_HAL_Driver/Src/stm32f4xx_hal_pwr_ex.o
LOAD ./Drivers/STM32F4xx_HAL_Driver/Src/stm32f4xx_hal_rcc.o
LOAD ./Drivers/STM32F4xx_HAL_Driver/Src/stm32f4xx_hal_rcc_ex.o
LOAD ./Drivers/STM32F4xx_HAL_Driver/Src/stm32f4xx_hal_tim.o
LOAD ./Drivers/STM32F4xx_HAL_Driver/Src/stm32f4xx_hal_tim_ex.o
START GROUP
LOAD d:/donottouch_install/stm32cubeide_1.11.0/stm32cubeide/plugins/com.st.stm32cube.ide.mcu.externaltools.gnu-tools-for-stm32.10.3-2021.10.win32_1.0.100.202210260954/tools/bin/../lib/gcc/arm-none-eabi/10.3.1/../../../../arm-none-eabi/lib/thumb/v7e-m+fp/hard\libc_nano.a
LOAD d:/donottouch_install/stm32cubeide_1.11.0/stm32cubeide/plugins/com.st.stm32cube.ide.mcu.externaltools.gnu-tools-for-stm32.10.3-2021.10.win32_1.0.100.202210260954/tools/bin/../lib/gcc/arm-none-eabi/10.3.1/../../../../arm-none-eabi/lib/thumb/v7e-m+fp/hard\libm.a
END GROUP
START GROUP
LOAD d:/donottouch_install/stm32cubeide_1.11.0/stm32cubeide/plugins/com.st.stm32cube.ide.mcu.externaltools.gnu-tools-for-stm32.10.3-2021.10.win32_1.0.100.202210260954/tools/bin/../lib/gcc/arm-none-eabi/10.3.1/thumb/v7e-m+fp/hard\libgcc.a
LOAD d:/donottouch_install/stm32cubeide_1.11.0/stm32cubeide/plugins/com.st.stm32cube.ide.mcu.externaltools.gnu-tools-for-stm32.10.3-2021.10.win32_1.0.100.202210260954/tools/bin/../lib/gcc/arm-none-eabi/10.3.1/../../../../arm-none-eabi/lib/thumb/v7e-m+fp/hard\libc_nano.a
END GROUP
START GROUP
LOAD d:/donottouch_install/stm32cubeide_1.11.0/stm32cubeide/plugins/com.st.stm32cube.ide.mcu.externaltools.gnu-tools-for-stm32.10.3-2021.10.win32_1.0.100.202210260954/tools/bin/../lib/gcc/arm-none-eabi/10.3.1/thumb/v7e-m+fp/hard\libgcc.a
LOAD d:/donottouch_install/stm32cubeide_1.11.0/stm32cubeide/plugins/com.st.stm32cube.ide.mcu.externaltools.gnu-tools-for-stm32.10.3-2021.10.win32_1.0.100.202210260954/tools/bin/../lib/gcc/arm-none-eabi/10.3.1/../../../../arm-none-eabi/lib/thumb/v7e-m+fp/hard\libc_nano.a
LOAD d:/donottouch_install/stm32cubeide_1.11.0/stm32cubeide/plugins/com.st.stm32cube.ide.mcu.externaltools.gnu-tools-for-stm32.10.3-2021.10.win32_1.0.100.202210260954/tools/bin/../lib/gcc/arm-none-eabi/10.3.1/../../../../arm-none-eabi/lib/thumb/v7e-m+fp/hard\libnosys.a
END GROUP
START GROUP
LOAD d:/donottouch_install/stm32cubeide_1.11.0/stm32cubeide/plugins/com.st.stm32cube.ide.mcu.externaltools.gnu-tools-for-stm32.10.3-2021.10.win32_1.0.100.202210260954/tools/bin/../lib/gcc/arm-none-eabi/10.3.1/thumb/v7e-m+fp/hard\libgcc.a
LOAD d:/donottouch_install/stm32cubeide_1.11.0/stm32cubeide/plugins/com.st.stm32cube.ide.mcu.externaltools.gnu-tools-for-stm32.10.3-2021.10.win32_1.0.100.202210260954/tools/bin/../lib/gcc/arm-none-eabi/10.3.1/../../../../arm-none-eabi/lib/thumb/v7e-m+fp/hard\libc_nano.a
LOAD d:/donottouch_install/stm32cubeide_1.11.0/stm32cubeide/plugins/com.st.stm32cube.ide.mcu.externaltools.gnu-tools-for-stm32.10.3-2021.10.win32_1.0.100.202210260954/tools/bin/../lib/gcc/arm-none-eabi/10.3.1/../../../../arm-none-eabi/lib/thumb/v7e-m+fp/hard\libnosys.a
END GROUP
LOAD d:/donottouch_install/stm32cubeide_1.11.0/stm32cubeide/plugins/com.st.stm32cube.ide.mcu.externaltools.gnu-tools-for-stm32.10.3-2021.10.win32_1.0.100.202210260954/tools/bin/../lib/gcc/arm-none-eabi/10.3.1/thumb/v7e-m+fp/hard/crtend.o
LOAD d:/donottouch_install/stm32cubeide_1.11.0/stm32cubeide/plugins/com.st.stm32cube.ide.mcu.externaltools.gnu-tools-for-stm32.10.3-2021.10.win32_1.0.100.202210260954/tools/bin/../lib/gcc/arm-none-eabi/10.3.1/thumb/v7e-m+fp/hard/crtn.o
                0x0000000020030000                _estack = (ORIGIN (RAM) + LENGTH (RAM))
                0x0000000000000200                _Min_Heap_Size = 0x200
                0x0000000000000400                _Min_Stack_Size = 0x400

.isr_vector     0x0000000008060000      0x1ac
                0x0000000008060000                . = ALIGN (0x4)
 *(.isr_vector)
 .isr_vector    0x0000000008060000      0x1ac ./Core/Startup/startup_stm32f439zitx.o
                0x0000000008060000                g_pfnVectors
                0x00000000080601ac                . = ALIGN (0x4)

.text           0x00000000080601ac     0x1774
                0x00000000080601ac                . = ALIGN (0x4)
 *(.text)
 .text          0x00000000080601ac       0x40 d:/donottouch_install/stm32cubeide_1.11.0/stm32cubeide/plugins/com.st.stm32cube.ide.mcu.externaltools.gnu-tools-for-stm32.10.3-2021.10.win32_1.0.100.202210260954/tools/bin/../lib/gcc/arm-none-eabi/10.3.1/thumb/v7e-m+fp/hard/crtbegin.o
 .text          0x00000000080601ec       0x30 d:/donottouch_install/stm32cubeide_1.11.0/stm32cubeide/plugins/com.st.stm32cube.ide.mcu.externaltools.gnu-tools-for-stm32.10.3-2021.10.win32_1.0.100.202210260954/tools/bin/../lib/gcc/arm-none-eabi/10.3.1/thumb/v7e-m+fp/hard\libgcc.a(_aeabi_uldivmod.o)
                0x00000000080601ec                __aeabi_uldivmod
 .text          0x000000000806021c      0x2d0 d:/donottouch_install/stm32cubeide_1.11.0/stm32cubeide/plugins/com.st.stm32cube.ide.mcu.externaltools.gnu-tools-for-stm32.10.3-2021.10.win32_1.0.100.202210260954/tools/bin/../lib/gcc/arm-none-eabi/10.3.1/thumb/v7e-m+fp/hard\libgcc.a(_udivmoddi4.o)
                0x000000000806021c                __udivmoddi4
 .text          0x00000000080604ec        0x4 d:/donottouch_install/stm32cubeide_1.11.0/stm32cubeide/plugins/com.st.stm32cube.ide.mcu.externaltools.gnu-tools-for-stm32.10.3-2021.10.win32_1.0.100.202210260954/tools/bin/../lib/gcc/arm-none-eabi/10.3.1/thumb/v7e-m+fp/hard\libgcc.a(_dvmd_tls.o)
                0x00000000080604ec                __aeabi_idiv0
                0x00000000080604ec                __aeabi_ldiv0
 *(.text*)
 .text.main     0x00000000080604f0       0x40 ./Core/Src/main.o
                0x00000000080604f0                main
 .text.SystemClock_Config
                0x0000000008060530       0xc0 ./Core/Src/main.o
                0x0000000008060530                SystemClock_Config
 .text.MX_GPIO_Init
                0x00000000080605f0      0x244 ./Core/Src/main.o
 .text.Error_Handler
                0x0000000008060834        0xa ./Core/Src/main.o
                0x0000000008060834                Error_Handler
 *fill*         0x000000000806083e        0x2 
 .text.HAL_MspInit
                0x0000000008060840       0x50 ./Core/Src/stm32f4xx_hal_msp.o
                0x0000000008060840                HAL_MspInit
 .text.NMI_Handler
                0x0000000008060890        0x6 ./Core/Src/stm32f4xx_it.o
                0x0000000008060890                NMI_Handler
 .text.HardFault_Handler
                0x0000000008060896        0x6 ./Core/Src/stm32f4xx_it.o
                0x0000000008060896                HardFault_Handler
 .text.MemManage_Handler
                0x000000000806089c        0x6 ./Core/Src/stm32f4xx_it.o
                0x000000000806089c                MemManage_Handler
 .text.BusFault_Handler
                0x00000000080608a2        0x6 ./Core/Src/stm32f4xx_it.o
                0x00000000080608a2                BusFault_Handler
 .text.UsageFault_Handler
                0x00000000080608a8        0x6 ./Core/Src/stm32f4xx_it.o
                0x00000000080608a8                UsageFault_Handler
 .text.SVC_Handler
                0x00000000080608ae        0xe ./Core/Src/stm32f4xx_it.o
                0x00000000080608ae                SVC_Handler
 .text.DebugMon_Handler
                0x00000000080608bc        0xe ./Core/Src/stm32f4xx_it.o
                0x00000000080608bc                DebugMon_Handler
 .text.PendSV_Handler
                0x00000000080608ca        0xe ./Core/Src/stm32f4xx_it.o
                0x00000000080608ca                PendSV_Handler
 .text.SysTick_Handler
                0x00000000080608d8        0xc ./Core/Src/stm32f4xx_it.o
                0x00000000080608d8                SysTick_Handler
 .text.SystemInit
                0x00000000080608e4       0x2c ./Core/Src/system_stm32f4xx.o
                0x00000000080608e4                SystemInit
 .text.Reset_Handler
                0x0000000008060910       0x50 ./Core/Startup/startup_stm32f439zitx.o
                0x0000000008060910                Reset_Handler
 .text.Default_Handler
                0x0000000008060960        0x2 ./Core/Startup/startup_stm32f439zitx.o
                0x0000000008060960                RTC_Alarm_IRQHandler
                0x0000000008060960                HASH_RNG_IRQHandler
                0x0000000008060960                EXTI2_IRQHandler
                0x0000000008060960                TIM8_CC_IRQHandler
                0x0000000008060960                UART8_IRQHandler
                0x0000000008060960                SPI4_IRQHandler
                0x0000000008060960                TIM1_CC_IRQHandler
                0x0000000008060960                DMA2_Stream5_IRQHandler
                0x0000000008060960                DMA1_Stream5_IRQHandler
                0x0000000008060960                PVD_IRQHandler
                0x0000000008060960                SDIO_IRQHandler
                0x0000000008060960                TAMP_STAMP_IRQHandler
                0x0000000008060960                CAN2_RX1_IRQHandler
                0x0000000008060960                EXTI3_IRQHandler
                0x0000000008060960                TIM8_TRG_COM_TIM14_IRQHandler
                0x0000000008060960                TIM1_UP_TIM10_IRQHandler
                0x0000000008060960                TIM8_UP_TIM13_IRQHandler
                0x0000000008060960                I2C3_ER_IRQHandler
                0x0000000008060960                EXTI0_IRQHandler
                0x0000000008060960                I2C2_EV_IRQHandler
                0x0000000008060960                DMA1_Stream2_IRQHandler
                0x0000000008060960                CAN1_RX0_IRQHandler
                0x0000000008060960                FPU_IRQHandler
                0x0000000008060960                OTG_HS_WKUP_IRQHandler
                0x0000000008060960                LTDC_ER_IRQHandler
                0x0000000008060960                CAN2_SCE_IRQHandler
                0x0000000008060960                DMA2_Stream2_IRQHandler
                0x0000000008060960                SPI1_IRQHandler
                0x0000000008060960                TIM6_DAC_IRQHandler
                0x0000000008060960                TIM1_BRK_TIM9_IRQHandler
                0x0000000008060960                DCMI_IRQHandler
                0x0000000008060960                CAN2_RX0_IRQHandler
                0x0000000008060960                DMA2_Stream3_IRQHandler
                0x0000000008060960                USART6_IRQHandler
                0x0000000008060960                USART3_IRQHandler
                0x0000000008060960                CRYP_IRQHandler
                0x0000000008060960                CAN1_RX1_IRQHandler
                0x0000000008060960                UART5_IRQHandler
                0x0000000008060960                DMA2_Stream0_IRQHandler
                0x0000000008060960                TIM4_IRQHandler
                0x0000000008060960                I2C1_EV_IRQHandler
                0x0000000008060960                DMA1_Stream6_IRQHandler
                0x0000000008060960                DMA1_Stream1_IRQHandler
                0x0000000008060960                UART4_IRQHandler
                0x0000000008060960                TIM3_IRQHandler
                0x0000000008060960                RCC_IRQHandler
                0x0000000008060960                TIM8_BRK_TIM12_IRQHandler
                0x0000000008060960                Default_Handler
                0x0000000008060960                EXTI15_10_IRQHandler
                0x0000000008060960                ADC_IRQHandler
                0x0000000008060960                DMA1_Stream7_IRQHandler
                0x0000000008060960                SPI5_IRQHandler
                0x0000000008060960                TIM7_IRQHandler
                0x0000000008060960                CAN2_TX_IRQHandler
                0x0000000008060960                TIM5_IRQHandler
                0x0000000008060960                DMA2_Stream7_IRQHandler
                0x0000000008060960                I2C3_EV_IRQHandler
                0x0000000008060960                EXTI9_5_IRQHandler
                0x0000000008060960                RTC_WKUP_IRQHandler
                0x0000000008060960                LTDC_IRQHandler
                0x0000000008060960                ETH_WKUP_IRQHandler
                0x0000000008060960                SPI2_IRQHandler
                0x0000000008060960                OTG_HS_EP1_IN_IRQHandler
                0x0000000008060960                DMA1_Stream0_IRQHandler
                0x0000000008060960                CAN1_TX_IRQHandler
                0x0000000008060960                EXTI4_IRQHandler
                0x0000000008060960                ETH_IRQHandler
                0x0000000008060960                OTG_HS_EP1_OUT_IRQHandler
                0x0000000008060960                WWDG_IRQHandler
                0x0000000008060960                SPI6_IRQHandler
                0x0000000008060960                TIM2_IRQHandler
                0x0000000008060960                OTG_FS_WKUP_IRQHandler
                0x0000000008060960                TIM1_TRG_COM_TIM11_IRQHandler
                0x0000000008060960                OTG_HS_IRQHandler
                0x0000000008060960                DMA2D_IRQHandler
                0x0000000008060960                EXTI1_IRQHandler
                0x0000000008060960                UART7_IRQHandler
                0x0000000008060960                USART2_IRQHandler
                0x0000000008060960                I2C2_ER_IRQHandler
                0x0000000008060960                DMA2_Stream1_IRQHandler
                0x0000000008060960                CAN1_SCE_IRQHandler
                0x0000000008060960                FLASH_IRQHandler
                0x0000000008060960                DMA2_Stream4_IRQHandler
                0x0000000008060960                USART1_IRQHandler
                0x0000000008060960                OTG_FS_IRQHandler
                0x0000000008060960                SPI3_IRQHandler
                0x0000000008060960                DMA1_Stream4_IRQHandler
                0x0000000008060960                I2C1_ER_IRQHandler
                0x0000000008060960                FMC_IRQHandler
                0x0000000008060960                DMA2_Stream6_IRQHandler
                0x0000000008060960                SAI1_IRQHandler
                0x0000000008060960                DMA1_Stream3_IRQHandler
 *fill*         0x0000000008060962        0x2 
 .text.HAL_Init
                0x0000000008060964       0x44 ./Drivers/STM32F4xx_HAL_Driver/Src/stm32f4xx_hal.o
                0x0000000008060964                HAL_Init
 .text.HAL_InitTick
                0x00000000080609a8       0x60 ./Drivers/STM32F4xx_HAL_Driver/Src/stm32f4xx_hal.o
                0x00000000080609a8                HAL_InitTick
 .text.HAL_IncTick
                0x0000000008060a08       0x28 ./Drivers/STM32F4xx_HAL_Driver/Src/stm32f4xx_hal.o
                0x0000000008060a08                HAL_IncTick
 .text.HAL_GetTick
                0x0000000008060a30       0x18 ./Drivers/STM32F4xx_HAL_Driver/Src/stm32f4xx_hal.o
                0x0000000008060a30                HAL_GetTick
 .text.HAL_Delay
                0x0000000008060a48       0x48 ./Drivers/STM32F4xx_HAL_Driver/Src/stm32f4xx_hal.o
                0x0000000008060a48                HAL_Delay
 .text.__NVIC_SetPriorityGrouping
                0x0000000008060a90       0x48 ./Drivers/STM32F4xx_HAL_Driver/Src/stm32f4xx_hal_cortex.o
 .text.__NVIC_GetPriorityGrouping
                0x0000000008060ad8       0x1c ./Drivers/STM32F4xx_HAL_Driver/Src/stm32f4xx_hal_cortex.o
 .text.__NVIC_SetPriority
                0x0000000008060af4       0x54 ./Drivers/STM32F4xx_HAL_Driver/Src/stm32f4xx_hal_cortex.o
 .text.NVIC_EncodePriority
                0x0000000008060b48       0x66 ./Drivers/STM32F4xx_HAL_Driver/Src/stm32f4xx_hal_cortex.o
 *fill*         0x0000000008060bae        0x2 
 .text.SysTick_Config
                0x0000000008060bb0       0x44 ./Drivers/STM32F4xx_HAL_Driver/Src/stm32f4xx_hal_cortex.o
 .text.HAL_NVIC_SetPriorityGrouping
                0x0000000008060bf4       0x16 ./Drivers/STM32F4xx_HAL_Driver/Src/stm32f4xx_hal_cortex.o
                0x0000000008060bf4                HAL_NVIC_SetPriorityGrouping
 .text.HAL_NVIC_SetPriority
                0x0000000008060c0a       0x38 ./Drivers/STM32F4xx_HAL_Driver/Src/stm32f4xx_hal_cortex.o
                0x0000000008060c0a                HAL_NVIC_SetPriority
 .text.HAL_SYSTICK_Config
                0x0000000008060c42       0x18 ./Drivers/STM32F4xx_HAL_Driver/Src/stm32f4xx_hal_cortex.o
                0x0000000008060c42                HAL_SYSTICK_Config
 *fill*         0x0000000008060c5a        0x2 
 .text.HAL_GPIO_Init
                0x0000000008060c5c      0x358 ./Drivers/STM32F4xx_HAL_Driver/Src/stm32f4xx_hal_gpio.o
                0x0000000008060c5c                HAL_GPIO_Init
 .text.HAL_GPIO_WritePin
                0x0000000008060fb4       0x32 ./Drivers/STM32F4xx_HAL_Driver/Src/stm32f4xx_hal_gpio.o
                0x0000000008060fb4                HAL_GPIO_WritePin
 *fill*         0x0000000008060fe6        0x2 
 .text.HAL_RCC_OscConfig
                0x0000000008060fe8      0x4f0 ./Drivers/STM32F4xx_HAL_Driver/Src/stm32f4xx_hal_rcc.o
                0x0000000008060fe8                HAL_RCC_OscConfig
 .text.HAL_RCC_ClockConfig
                0x00000000080614d8      0x1cc ./Drivers/STM32F4xx_HAL_Driver/Src/stm32f4xx_hal_rcc.o
                0x00000000080614d8                HAL_RCC_ClockConfig
 .text.HAL_RCC_GetSysClockFreq
                0x00000000080616a4      0x20c ./Drivers/STM32F4xx_HAL_Driver/Src/stm32f4xx_hal_rcc.o
                0x00000000080616a4                HAL_RCC_GetSysClockFreq
 .text.__libc_init_array
                0x00000000080618b0       0x48 d:/donottouch_install/stm32cubeide_1.11.0/stm32cubeide/plugins/com.st.stm32cube.ide.mcu.externaltools.gnu-tools-for-stm32.10.3-2021.10.win32_1.0.100.202210260954/tools/bin/../lib/gcc/arm-none-eabi/10.3.1/../../../../arm-none-eabi/lib/thumb/v7e-m+fp/hard\libc_nano.a(lib_a-init.o)
                0x00000000080618b0                __libc_init_array
 .text.memset   0x00000000080618f8       0x10 d:/donottouch_install/stm32cubeide_1.11.0/stm32cubeide/plugins/com.st.stm32cube.ide.mcu.externaltools.gnu-tools-for-stm32.10.3-2021.10.win32_1.0.100.202210260954/tools/bin/../lib/gcc/arm-none-eabi/10.3.1/../../../../arm-none-eabi/lib/thumb/v7e-m+fp/hard\libc_nano.a(lib_a-memset.o)
                0x00000000080618f8                memset
 *(.glue_7)
 .glue_7        0x0000000008061908        0x0 linker stubs
 *(.glue_7t)
 .glue_7t       0x0000000008061908        0x0 linker stubs
 *(.eh_frame)
 .eh_frame      0x0000000008061908        0x0 d:/donottouch_install/stm32cubeide_1.11.0/stm32cubeide/plugins/com.st.stm32cube.ide.mcu.externaltools.gnu-tools-for-stm32.10.3-2021.10.win32_1.0.100.202210260954/tools/bin/../lib/gcc/arm-none-eabi/10.3.1/thumb/v7e-m+fp/hard/crtbegin.o
 *(.init)
 .init          0x0000000008061908        0x4 d:/donottouch_install/stm32cubeide_1.11.0/stm32cubeide/plugins/com.st.stm32cube.ide.mcu.externaltools.gnu-tools-for-stm32.10.3-2021.10.win32_1.0.100.202210260954/tools/bin/../lib/gcc/arm-none-eabi/10.3.1/thumb/v7e-m+fp/hard/crti.o
                0x0000000008061908                _init
 .init          0x000000000806190c        0x8 d:/donottouch_install/stm32cubeide_1.11.0/stm32cubeide/plugins/com.st.stm32cube.ide.mcu.externaltools.gnu-tools-for-stm32.10.3-2021.10.win32_1.0.100.202210260954/tools/bin/../lib/gcc/arm-none-eabi/10.3.1/thumb/v7e-m+fp/hard/crtn.o
 *(.fini)
 .fini          0x0000000008061914        0x4 d:/donottouch_install/stm32cubeide_1.11.0/stm32cubeide/plugins/com.st.stm32cube.ide.mcu.externaltools.gnu-tools-for-stm32.10.3-2021.10.win32_1.0.100.202210260954/tools/bin/../lib/gcc/arm-none-eabi/10.3.1/thumb/v7e-m+fp/hard/crti.o
                0x0000000008061914                _fini
 .fini          0x0000000008061918        0x8 d:/donottouch_install/stm32cubeide_1.11.0/stm32cubeide/plugins/com.st.stm32cube.ide.mcu.externaltools.gnu-tools-for-stm32.10.3-2021.10.win32_1.0.100.202210260954/tools/bin/../lib/gcc/arm-none-eabi/10.3.1/thumb/v7e-m+fp/hard/crtn.o
                0x0000000008061920                . = ALIGN (0x4)
                0x0000000008061920                _etext = .

.vfp11_veneer   0x0000000008061920        0x0
 .vfp11_veneer  0x0000000008061920        0x0 linker stubs

.v4_bx          0x0000000008061920        0x0
 .v4_bx         0x0000000008061920        0x0 linker stubs

.iplt           0x0000000008061920        0x0
 .iplt          0x0000000008061920        0x0 d:/donottouch_install/stm32cubeide_1.11.0/stm32cubeide/plugins/com.st.stm32cube.ide.mcu.externaltools.gnu-tools-for-stm32.10.3-2021.10.win32_1.0.100.202210260954/tools/bin/../lib/gcc/arm-none-eabi/10.3.1/thumb/v7e-m+fp/hard/crtbegin.o

.rodata         0x0000000008061920       0x10
                0x0000000008061920                . = ALIGN (0x4)
 *(.rodata)
 *(.rodata*)
 .rodata.AHBPrescTable
                0x0000000008061920       0x10 ./Core/Src/system_stm32f4xx.o
                0x0000000008061920                AHBPrescTable
                0x0000000008061930                . = ALIGN (0x4)

.ARM.extab      0x0000000008061930        0x0
                0x0000000008061930                . = ALIGN (0x4)
 *(.ARM.extab* .gnu.linkonce.armextab.*)
                0x0000000008061930                . = ALIGN (0x4)

.ARM            0x0000000008061930        0x8
                0x0000000008061930                . = ALIGN (0x4)
                0x0000000008061930                __exidx_start = .
 *(.ARM.exidx*)
 .ARM.exidx     0x0000000008061930        0x8 d:/donottouch_install/stm32cubeide_1.11.0/stm32cubeide/plugins/com.st.stm32cube.ide.mcu.externaltools.gnu-tools-for-stm32.10.3-2021.10.win32_1.0.100.202210260954/tools/bin/../lib/gcc/arm-none-eabi/10.3.1/thumb/v7e-m+fp/hard\libgcc.a(_udivmoddi4.o)
                0x0000000008061938                __exidx_end = .
                0x0000000008061938                . = ALIGN (0x4)

.rel.dyn        0x0000000008061938        0x0
 .rel.iplt      0x0000000008061938        0x0 d:/donottouch_install/stm32cubeide_1.11.0/stm32cubeide/plugins/com.st.stm32cube.ide.mcu.externaltools.gnu-tools-for-stm32.10.3-2021.10.win32_1.0.100.202210260954/tools/bin/../lib/gcc/arm-none-eabi/10.3.1/thumb/v7e-m+fp/hard/crtbegin.o

.preinit_array  0x0000000008061938        0x0
                0x0000000008061938                . = ALIGN (0x4)
                0x0000000008061938                PROVIDE (__preinit_array_start = .)
 *(.preinit_array*)
                0x0000000008061938                PROVIDE (__preinit_array_end = .)
                0x0000000008061938                . = ALIGN (0x4)

.init_array     0x0000000008061938        0x4
                0x0000000008061938                . = ALIGN (0x4)
                0x0000000008061938                PROVIDE (__init_array_start = .)
 *(SORT_BY_NAME(.init_array.*))
 *(.init_array*)
 .init_array    0x0000000008061938        0x4 d:/donottouch_install/stm32cubeide_1.11.0/stm32cubeide/plugins/com.st.stm32cube.ide.mcu.externaltools.gnu-tools-for-stm32.10.3-2021.10.win32_1.0.100.202210260954/tools/bin/../lib/gcc/arm-none-eabi/10.3.1/thumb/v7e-m+fp/hard/crtbegin.o
                0x000000000806193c                PROVIDE (__init_array_end = .)
                0x000000000806193c                . = ALIGN (0x4)

.fini_array     0x000000000806193c        0x4
                0x000000000806193c                . = ALIGN (0x4)
                [!provide]                        PROVIDE (__fini_array_start = .)
 *(SORT_BY_NAME(.fini_array.*))
 *(.fini_array*)
 .fini_array    0x000000000806193c        0x4 d:/donottouch_install/stm32cubeide_1.11.0/stm32cubeide/plugins/com.st.stm32cube.ide.mcu.externaltools.gnu-tools-for-stm32.10.3-2021.10.win32_1.0.100.202210260954/tools/bin/../lib/gcc/arm-none-eabi/10.3.1/thumb/v7e-m+fp/hard/crtbegin.o
                [!provide]                        PROVIDE (__fini_array_end = .)
                0x0000000008061940                . = ALIGN (0x4)
                0x0000000008061940                _sidata = LOADADDR (.data)

.data           0x0000000020000000        0xc load address 0x0000000008061940
                0x0000000020000000                . = ALIGN (0x4)
                0x0000000020000000                _sdata = .
 *(.data)
 *(.data*)
 .data.SystemCoreClock
                0x0000000020000000        0x4 ./Core/Src/system_stm32f4xx.o
                0x0000000020000000                SystemCoreClock
 .data.uwTickPrio
                0x0000000020000004        0x4 ./Drivers/STM32F4xx_HAL_Driver/Src/stm32f4xx_hal.o
                0x0000000020000004                uwTickPrio
 .data.uwTickFreq
                0x0000000020000008        0x1 ./Drivers/STM32F4xx_HAL_Driver/Src/stm32f4xx_hal.o
                0x0000000020000008                uwTickFreq
 *(.RamFunc)
 *(.RamFunc*)
                0x000000002000000c                . = ALIGN (0x4)
 *fill*         0x0000000020000009        0x3 
                0x000000002000000c                _edata = .
                0x000000000806194c                _siccmram = LOADADDR (.ccmram)

.igot.plt       0x000000002000000c        0x0 load address 0x000000000806194c
 .igot.plt      0x000000002000000c        0x0 d:/donottouch_install/stm32cubeide_1.11.0/stm32cubeide/plugins/com.st.stm32cube.ide.mcu.externaltools.gnu-tools-for-stm32.10.3-2021.10.win32_1.0.100.202210260954/tools/bin/../lib/gcc/arm-none-eabi/10.3.1/thumb/v7e-m+fp/hard/crtbegin.o

.ccmram         0x0000000010000000        0x0 load address 0x000000000806194c
                0x0000000010000000                . = ALIGN (0x4)
                0x0000000010000000                _sccmram = .
 *(.ccmram)
 *(.ccmram*)
                0x0000000010000000                . = ALIGN (0x4)
                0x0000000010000000                _eccmram = .
                0x0000000010000000                . = ALIGN (0x4)

.bss            0x000000002000000c       0x20
                0x000000002000000c                _sbss = .
                0x000000002000000c                __bss_start__ = _sbss
 *(.bss)
 .bss           0x000000002000000c       0x1c d:/donottouch_install/stm32cubeide_1.11.0/stm32cubeide/plugins/com.st.stm32cube.ide.mcu.externaltools.gnu-tools-for-stm32.10.3-2021.10.win32_1.0.100.202210260954/tools/bin/../lib/gcc/arm-none-eabi/10.3.1/thumb/v7e-m+fp/hard/crtbegin.o
 *(.bss*)
 .bss.uwTick    0x0000000020000028        0x4 ./Drivers/STM32F4xx_HAL_Driver/Src/stm32f4xx_hal.o
                0x0000000020000028                uwTick
 *(COMMON)
                0x000000002000002c                . = ALIGN (0x4)
                0x000000002000002c                _ebss = .
                0x000000002000002c                __bss_end__ = _ebss

._user_heap_stack
                0x000000002000002c      0x604
                0x0000000020000030                . = ALIGN (0x8)
 *fill*         0x000000002000002c        0x4 
                [!provide]                        PROVIDE (end = .)
                0x0000000020000030                PROVIDE (_end = .)
                0x0000000020000230                . = (. + _Min_Heap_Size)
 *fill*         0x0000000020000030      0x200 
                0x0000000020000630                . = (. + _Min_Stack_Size)
 *fill*         0x0000000020000230      0x400 
                0x0000000020000630                . = ALIGN (0x8)

/DISCARD/
 libc.a(*)
 libm.a(*)
 libgcc.a(*)

.ARM.attributes
                0x0000000000000000       0x30
 *(.ARM.attributes)
 .ARM.attributes
                0x0000000000000000       0x1e d:/donottouch_install/stm32cubeide_1.11.0/stm32cubeide/plugins/com.st.stm32cube.ide.mcu.externaltools.gnu-tools-for-stm32.10.3-2021.10.win32_1.0.100.202210260954/tools/bin/../lib/gcc/arm-none-eabi/10.3.1/thumb/v7e-m+fp/hard/crti.o
 .ARM.attributes
                0x000000000000001e       0x34 d:/donottouch_install/stm32cubeide_1.11.0/stm32cubeide/plugins/com.st.stm32cube.ide.mcu.externaltools.gnu-tools-for-stm32.10.3-2021.10.win32_1.0.100.202210260954/tools/bin/../lib/gcc/arm-none-eabi/10.3.1/thumb/v7e-m+fp/hard/crtbegin.o
 .ARM.attributes
                0x0000000000000052       0x34 ./Core/Src/main.o
 .ARM.attributes
                0x0000000000000086       0x34 ./Core/Src/stm32f4xx_hal_msp.o
 .ARM.attributes
                0x00000000000000ba       0x34 ./Core/Src/stm32f4xx_it.o
 .ARM.attributes
                0x00000000000000ee       0x34 ./Core/Src/system_stm32f4xx.o
 .ARM.attributes
                0x0000000000000122       0x21 ./Core/Startup/startup_stm32f439zitx.o
 .ARM.attributes
                0x0000000000000143       0x34 ./Drivers/STM32F4xx_HAL_Driver/Src/stm32f4xx_hal.o
 .ARM.attributes
                0x0000000000000177       0x34 ./Drivers/STM32F4xx_HAL_Driver/Src/stm32f4xx_hal_cortex.o
 .ARM.attributes
                0x00000000000001ab       0x34 ./Drivers/STM32F4xx_HAL_Driver/Src/stm32f4xx_hal_gpio.o
 .ARM.attributes
                0x00000000000001df       0x34 ./Drivers/STM32F4xx_HAL_Driver/Src/stm32f4xx_hal_rcc.o
 .ARM.attributes
                0x0000000000000213       0x34 d:/donottouch_install/stm32cubeide_1.11.0/stm32cubeide/plugins/com.st.stm32cube.ide.mcu.externaltools.gnu-tools-for-stm32.10.3-2021.10.win32_1.0.100.202210260954/tools/bin/../lib/gcc/arm-none-eabi/10.3.1/../../../../arm-none-eabi/lib/thumb/v7e-m+fp/hard\libc_nano.a(lib_a-init.o)
 .ARM.attributes
                0x0000000000000247       0x34 d:/donottouch_install/stm32cubeide_1.11.0/stm32cubeide/plugins/com.st.stm32cube.ide.mcu.externaltools.gnu-tools-for-stm32.10.3-2021.10.win32_1.0.100.202210260954/tools/bin/../lib/gcc/arm-none-eabi/10.3.1/../../../../arm-none-eabi/lib/thumb/v7e-m+fp/hard\libc_nano.a(lib_a-memset.o)
 .ARM.attributes
                0x000000000000027b       0x1e d:/donottouch_install/stm32cubeide_1.11.0/stm32cubeide/plugins/com.st.stm32cube.ide.mcu.externaltools.gnu-tools-for-stm32.10.3-2021.10.win32_1.0.100.202210260954/tools/bin/../lib/gcc/arm-none-eabi/10.3.1/thumb/v7e-m+fp/hard\libgcc.a(_aeabi_uldivmod.o)
 .ARM.attributes
                0x0000000000000299       0x34 d:/donottouch_install/stm32cubeide_1.11.0/stm32cubeide/plugins/com.st.stm32cube.ide.mcu.externaltools.gnu-tools-for-stm32.10.3-2021.10.win32_1.0.100.202210260954/tools/bin/../lib/gcc/arm-none-eabi/10.3.1/thumb/v7e-m+fp/hard\libgcc.a(_udivmoddi4.o)
 .ARM.attributes
                0x00000000000002cd       0x1e d:/donottouch_install/stm32cubeide_1.11.0/stm32cubeide/plugins/com.st.stm32cube.ide.mcu.externaltools.gnu-tools-for-stm32.10.3-2021.10.win32_1.0.100.202210260954/tools/bin/../lib/gcc/arm-none-eabi/10.3.1/thumb/v7e-m+fp/hard\libgcc.a(_dvmd_tls.o)
 .ARM.attributes
                0x00000000000002eb       0x1e d:/donottouch_install/stm32cubeide_1.11.0/stm32cubeide/plugins/com.st.stm32cube.ide.mcu.externaltools.gnu-tools-for-stm32.10.3-2021.10.win32_1.0.100.202210260954/tools/bin/../lib/gcc/arm-none-eabi/10.3.1/thumb/v7e-m+fp/hard/crtn.o
OUTPUT(application.elf elf32-littlearm)
LOAD linker stubs
LOAD d:/donottouch_install/stm32cubeide_1.11.0/stm32cubeide/plugins/com.st.stm32cube.ide.mcu.externaltools.gnu-tools-for-stm32.10.3-2021.10.win32_1.0.100.202210260954/tools/bin/../lib/gcc/arm-none-eabi/10.3.1/../../../../arm-none-eabi/lib/thumb/v7e-m+fp/hard\libc.a
LOAD d:/donottouch_install/stm32cubeide_1.11.0/stm32cubeide/plugins/com.st.stm32cube.ide.mcu.externaltools.gnu-tools-for-stm32.10.3-2021.10.win32_1.0.100.202210260954/tools/bin/../lib/gcc/arm-none-eabi/10.3.1/../../../../arm-none-eabi/lib/thumb/v7e-m+fp/hard\libm.a
LOAD d:/donottouch_install/stm32cubeide_1.11.0/stm32cubeide/plugins/com.st.stm32cube.ide.mcu.externaltools.gnu-tools-for-stm32.10.3-2021.10.win32_1.0.100.202210260954/tools/bin/../lib/gcc/arm-none-eabi/10.3.1/thumb/v7e-m+fp/hard\libgcc.a

.debug_info     0x0000000000000000     0x3a45
 .debug_info    0x0000000000000000      0x7a6 ./Core/Src/main.o
 .debug_info    0x00000000000007a6      0x2c4 ./Core/Src/stm32f4xx_hal_msp.o
 .debug_info    0x0000000000000a6a      0x121 ./Core/Src/stm32f4xx_it.o
 .debug_info    0x0000000000000b8b      0x53f ./Core/Src/system_stm32f4xx.o
 .debug_info    0x00000000000010ca       0x22 ./Core/Startup/startup_stm32f439zitx.o
 .debug_info    0x00000000000010ec      0x9fa ./Drivers/STM32F4xx_HAL_Driver/Src/stm32f4xx_hal.o
 .debug_info    0x0000000000001ae6      0xe57 ./Drivers/STM32F4xx_HAL_Driver/Src/stm32f4xx_hal_cortex.o
 .debug_info    0x000000000000293d      0x786 ./Drivers/STM32F4xx_HAL_Driver/Src/stm32f4xx_hal_gpio.o
 .debug_info    0x00000000000030c3      0x982 ./Drivers/STM32F4xx_HAL_Driver/Src/stm32f4xx_hal_rcc.o

.debug_abbrev   0x0000000000000000      0xdfc
 .debug_abbrev  0x0000000000000000      0x1fb ./Core/Src/main.o
 .debug_abbrev  0x00000000000001fb       0xd4 ./Core/Src/stm32f4xx_hal_msp.o
 .debug_abbrev  0x00000000000002cf       0x74 ./Core/Src/stm32f4xx_it.o
 .debug_abbrev  0x0000000000000343      0x116 ./Core/Src/system_stm32f4xx.o
 .debug_abbrev  0x0000000000000459       0x12 ./Core/Startup/startup_stm32f439zitx.o
 .debug_abbrev  0x000000000000046b      0x20d ./Drivers/STM32F4xx_HAL_Driver/Src/stm32f4xx_hal.o
 .debug_abbrev  0x0000000000000678      0x316 ./Drivers/STM32F4xx_HAL_Driver/Src/stm32f4xx_hal_cortex.o
 .debug_abbrev  0x000000000000098e      0x1c4 ./Drivers/STM32F4xx_HAL_Driver/Src/stm32f4xx_hal_gpio.o
 .debug_abbrev  0x0000000000000b52      0x2aa ./Drivers/STM32F4xx_HAL_Driver/Src/stm32f4xx_hal_rcc.o

.debug_aranges  0x0000000000000000      0x400
 .debug_aranges
                0x0000000000000000       0x38 ./Core/Src/main.o
 .debug_aranges
                0x0000000000000038       0x20 ./Core/Src/stm32f4xx_hal_msp.o
 .debug_aranges
                0x0000000000000058       0x60 ./Core/Src/stm32f4xx_it.o
 .debug_aranges
                0x00000000000000b8       0x28 ./Core/Src/system_stm32f4xx.o
 .debug_aranges
                0x00000000000000e0       0x28 ./Core/Startup/startup_stm32f439zitx.o
 .debug_aranges
                0x0000000000000108      0x100 ./Drivers/STM32F4xx_HAL_Driver/Src/stm32f4xx_hal.o
 .debug_aranges
                0x0000000000000208      0x118 ./Drivers/STM32F4xx_HAL_Driver/Src/stm32f4xx_hal_cortex.o
 .debug_aranges
                0x0000000000000320       0x58 ./Drivers/STM32F4xx_HAL_Driver/Src/stm32f4xx_hal_gpio.o
 .debug_aranges
                0x0000000000000378       0x88 ./Drivers/STM32F4xx_HAL_Driver/Src/stm32f4xx_hal_rcc.o

.debug_ranges   0x0000000000000000      0x378
 .debug_ranges  0x0000000000000000       0x28 ./Core/Src/main.o
 .debug_ranges  0x0000000000000028       0x10 ./Core/Src/stm32f4xx_hal_msp.o
 .debug_ranges  0x0000000000000038       0x50 ./Core/Src/stm32f4xx_it.o
 .debug_ranges  0x0000000000000088       0x18 ./Core/Src/system_stm32f4xx.o
 .debug_ranges  0x00000000000000a0       0x20 ./Core/Startup/startup_stm32f439zitx.o
 .debug_ranges  0x00000000000000c0       0xf0 ./Drivers/STM32F4xx_HAL_Driver/Src/stm32f4xx_hal.o
 .debug_ranges  0x00000000000001b0      0x108 ./Drivers/STM32F4xx_HAL_Driver/Src/stm32f4xx_hal_cortex.o
 .debug_ranges  0x00000000000002b8       0x48 ./Drivers/STM32F4xx_HAL_Driver/Src/stm32f4xx_hal_gpio.o
 .debug_ranges  0x0000000000000300       0x78 ./Drivers/STM32F4xx_HAL_Driver/Src/stm32f4xx_hal_rcc.o

.debug_macro    0x0000000000000000    0x21cc3
 .debug_macro   0x0000000000000000      0x1bf ./Core/Src/main.o
 .debug_macro   0x00000000000001bf      0xa78 ./Core/Src/main.o
 .debug_macro   0x0000000000000c37      0x28f ./Core/Src/main.o
 .debug_macro   0x0000000000000ec6       0x2e ./Core/Src/main.o
 .debug_macro   0x0000000000000ef4       0x28 ./Core/Src/main.o
 .debug_macro   0x0000000000000f1c       0x22 ./Core/Src/main.o
 .debug_macro   0x0000000000000f3e       0x8e ./Core/Src/main.o
 .debug_macro   0x0000000000000fcc       0x51 ./Core/Src/main.o
 .debug_macro   0x000000000000101d      0x103 ./Core/Src/main.o
 .debug_macro   0x0000000000001120       0x6a ./Core/Src/main.o
 .debug_macro   0x000000000000118a      0x1df ./Core/Src/main.o
 .debug_macro   0x0000000000001369       0x1c ./Core/Src/main.o
 .debug_macro   0x0000000000001385       0x22 ./Core/Src/main.o
 .debug_macro   0x00000000000013a7       0xd9 ./Core/Src/main.o
 .debug_macro   0x0000000000001480     0x102d ./Core/Src/main.o
 .debug_macro   0x00000000000024ad      0x11f ./Core/Src/main.o
 .debug_macro   0x00000000000025cc    0x1860a ./Core/Src/main.o
 .debug_macro   0x000000000001abd6       0x6d ./Core/Src/main.o
 .debug_macro   0x000000000001ac43     0x36f5 ./Core/Src/main.o
 .debug_macro   0x000000000001e338      0x174 ./Core/Src/main.o
 .debug_macro   0x000000000001e4ac       0x5c ./Core/Src/main.o
 .debug_macro   0x000000000001e508      0xd15 ./Core/Src/main.o
 .debug_macro   0x000000000001f21d      0x9fe ./Core/Src/main.o
 .debug_macro   0x000000000001fc1b      0x115 ./Core/Src/main.o
 .debug_macro   0x000000000001fd30      0x156 ./Core/Src/main.o
 .debug_macro   0x000000000001fe86       0xa5 ./Core/Src/main.o
 .debug_macro   0x000000000001ff2b      0x182 ./Core/Src/main.o
 .debug_macro   0x00000000000200ad      0x287 ./Core/Src/main.o
 .debug_macro   0x0000000000020334       0x5f ./Core/Src/main.o
 .debug_macro   0x0000000000020393      0x236 ./Core/Src/main.o
 .debug_macro   0x00000000000205c9      0x132 ./Core/Src/main.o
 .debug_macro   0x00000000000206fb      0x41d ./Core/Src/main.o
 .debug_macro   0x0000000000020b18       0x2e ./Core/Src/main.o
 .debug_macro   0x0000000000020b46      0x11a ./Core/Src/main.o
 .debug_macro   0x0000000000020c60       0xe2 ./Core/Src/main.o
 .debug_macro   0x0000000000020d42       0x89 ./Core/Src/main.o
 .debug_macro   0x0000000000020dcb      0x134 ./Core/Src/main.o
 .debug_macro   0x0000000000020eff      0x130 ./Core/Src/main.o
 .debug_macro   0x000000000002102f      0x1bf ./Core/Src/stm32f4xx_hal_msp.o
 .debug_macro   0x00000000000211ee      0x1c9 ./Core/Src/stm32f4xx_it.o
 .debug_macro   0x00000000000213b7      0x1c2 ./Core/Src/system_stm32f4xx.o
 .debug_macro   0x0000000000021579      0x210 ./Drivers/STM32F4xx_HAL_Driver/Src/stm32f4xx_hal.o
 .debug_macro   0x0000000000021789      0x1b0 ./Drivers/STM32F4xx_HAL_Driver/Src/stm32f4xx_hal_cortex.o
 .debug_macro   0x0000000000021939      0x1b6 ./Drivers/STM32F4xx_HAL_Driver/Src/stm32f4xx_hal_gpio.o
 .debug_macro   0x0000000000021aef      0x1d4 ./Drivers/STM32F4xx_HAL_Driver/Src/stm32f4xx_hal_rcc.o

.debug_line     0x0000000000000000     0x4e08
 .debug_line    0x0000000000000000      0x832 ./Core/Src/main.o
 .debug_line    0x0000000000000832      0x6ea ./Core/Src/stm32f4xx_hal_msp.o
 .debug_line    0x0000000000000f1c      0x7ad ./Core/Src/stm32f4xx_it.o
 .debug_line    0x00000000000016c9      0x772 ./Core/Src/system_stm32f4xx.o
 .debug_line    0x0000000000001e3b       0x88 ./Core/Startup/startup_stm32f439zitx.o
 .debug_line    0x0000000000001ec3      0xa08 ./Drivers/STM32F4xx_HAL_Driver/Src/stm32f4xx_hal.o
 .debug_line    0x00000000000028cb      0xc81 ./Drivers/STM32F4xx_HAL_Driver/Src/stm32f4xx_hal_cortex.o
 .debug_line    0x000000000000354c      0xb6e ./Drivers/STM32F4xx_HAL_Driver/Src/stm32f4xx_hal_gpio.o
 .debug_line    0x00000000000040ba      0xd4e ./Drivers/STM32F4xx_HAL_Driver/Src/stm32f4xx_hal_rcc.o

.debug_str      0x0000000000000000    0xcd672
 .debug_str     0x0000000000000000    0xcc1a0 ./Core/Src/main.o
                                      0xcc420 (size before relaxing)
 .debug_str     0x00000000000cc1a0       0x2c ./Core/Src/stm32f4xx_hal_msp.o
                                      0xcc183 (size before relaxing)
 .debug_str     0x00000000000cc1cc       0xc9 ./Core/Src/stm32f4xx_it.o
                                      0xcc0f6 (size before relaxing)
 .debug_str     0x00000000000cc295      0x12e ./Core/Src/system_stm32f4xx.o
                                      0xcbdc5 (size before relaxing)
 .debug_str     0x00000000000cc3c3       0x36 ./Core/Startup/startup_stm32f439zitx.o
                                         0x59 (size before relaxing)
 .debug_str     0x00000000000cc3f9      0xbb0 ./Drivers/STM32F4xx_HAL_Driver/Src/stm32f4xx_hal.o
                                      0xcc99f (size before relaxing)
 .debug_str     0x00000000000ccfa9      0x365 ./Drivers/STM32F4xx_HAL_Driver/Src/stm32f4xx_hal_cortex.o
                                      0xcc684 (size before relaxing)
 .debug_str     0x00000000000cd30e      0x131 ./Drivers/STM32F4xx_HAL_Driver/Src/stm32f4xx_hal_gpio.o
                                      0xcbeed (size before relaxing)
 .debug_str     0x00000000000cd43f      0x233 ./Drivers/STM32F4xx_HAL_Driver/Src/stm32f4xx_hal_rcc.o
                                      0xcc1a6 (size before relaxing)

.comment        0x0000000000000000       0x50
 .comment       0x0000000000000000       0x50 ./Core/Src/main.o
                                         0x51 (size before relaxing)
 .comment       0x0000000000000050       0x51 ./Core/Src/stm32f4xx_hal_msp.o
 .comment       0x0000000000000050       0x51 ./Core/Src/stm32f4xx_it.o
 .comment       0x0000000000000050       0x51 ./Core/Src/system_stm32f4xx.o
 .comment       0x0000000000000050       0x51 ./Drivers/STM32F4xx_HAL_Driver/Src/stm32f4xx_hal.o
 .comment       0x0000000000000050       0x51 ./Drivers/STM32F4xx_HAL_Driver/Src/stm32f4xx_hal_cortex.o
 .comment       0x0000000000000050       0x51 ./Drivers/STM32F4xx_HAL_Driver/Src/stm32f4xx_hal_gpio.o
 .comment       0x0000000000000050       0x51 ./Drivers/STM32F4xx_HAL_Driver/Src/stm32f4xx_hal_rcc.o

.debug_frame    0x0000000000000000      0xe5c
 .debug_frame   0x0000000000000000       0x90 ./Core/Src/main.o
 .debug_frame   0x0000000000000090       0x38 ./Core/Src/stm32f4xx_hal_msp.o
 .debug_frame   0x00000000000000c8      0x104 ./Core/Src/stm32f4xx_it.o
 .debug_frame   0x00000000000001cc       0x58 ./Core/Src/system_stm32f4xx.o
 .debug_frame   0x0000000000000224      0x3b4 ./Drivers/STM32F4xx_HAL_Driver/Src/stm32f4xx_hal.o
 .debug_frame   0x00000000000005d8      0x498 ./Drivers/STM32F4xx_HAL_Driver/Src/stm32f4xx_hal_cortex.o
 .debug_frame   0x0000000000000a70      0x14c ./Drivers/STM32F4xx_HAL_Driver/Src/stm32f4xx_hal_gpio.o
 .debug_frame   0x0000000000000bbc      0x1f4 ./Drivers/STM32F4xx_HAL_Driver/Src/stm32f4xx_hal_rcc.o
 .debug_frame   0x0000000000000db0       0x2c d:/donottouch_install/stm32cubeide_1.11.0/stm32cubeide/plugins/com.st.stm32cube.ide.mcu.externaltools.gnu-tools-for-stm32.10.3-2021.10.win32_1.0.100.202210260954/tools/bin/../lib/gcc/arm-none-eabi/10.3.1/../../../../arm-none-eabi/lib/thumb/v7e-m+fp/hard\libc_nano.a(lib_a-init.o)
 .debug_frame   0x0000000000000ddc       0x20 d:/donottouch_install/stm32cubeide_1.11.0/stm32cubeide/plugins/com.st.stm32cube.ide.mcu.externaltools.gnu-tools-for-stm32.10.3-2021.10.win32_1.0.100.202210260954/tools/bin/../lib/gcc/arm-none-eabi/10.3.1/../../../../arm-none-eabi/lib/thumb/v7e-m+fp/hard\libc_nano.a(lib_a-memset.o)
 .debug_frame   0x0000000000000dfc       0x2c d:/donottouch_install/stm32cubeide_1.11.0/stm32cubeide/plugins/com.st.stm32cube.ide.mcu.externaltools.gnu-tools-for-stm32.10.3-2021.10.win32_1.0.100.202210260954/tools/bin/../lib/gcc/arm-none-eabi/10.3.1/thumb/v7e-m+fp/hard\libgcc.a(_aeabi_uldivmod.o)
 .debug_frame   0x0000000000000e28       0x34 d:/donottouch_install/stm32cubeide_1.11.0/stm32cubeide/plugins/com.st.stm32cube.ide.mcu.externaltools.gnu-tools-for-stm32.10.3-2021.10.win32_1.0.100.202210260954/tools/bin/../lib/gcc/arm-none-eabi/10.3.1/thumb/v7e-m+fp/hard\libgcc.a(_udivmoddi4.o)
